// Jest Snapshot v1, https://goo.gl/fbAQLP

exports[`Head/Head component renders correctly 1`] = `<div />`;
